// Jest Snapshot v1, https://goo.gl/fbAQLP

exports[`Home Component, StartHere has no changes 1`] = `
<div
  className="start-here"
>
  <Link
    replace={false}
    to="/projects"
  >
    <Button
      as="button"
      icon="right arrow"
      labelPosition="right"
    />
  </Link>
</div>
`;
